Before_outer
Before_middle
Before_inner
After_inner
After_middle
After_outer