Before_outer
Before_middle
Before_inner
HandledMessage
After_inner
After_middle
After_outer